

================================================================
== Synthesis Summary Report of 'blockmatmul'
================================================================
+ General Information: 
    * Date:           Wed Apr 12 06:54:27 2023
    * Version:        2022.1 (Build 3526262 on Mon Apr 18 15:48:16 MDT 2022)
    * Project:        LabB
    * Solution:       solution5 (Vivado IP Flow Target)
    * Product family: zynq
    * Target device:  xc7z020-clg400-1
    

+ Performance & Resource Estimates: 
    
    PS: '+' for module; 'o' for loop; '*' for dataflow
    +--------------------------------------+------+------+---------+-----------+----------+---------+------+----------+----------+------------+-------------+-------------+-----+
    |                Modules               | Issue|      | Latency |  Latency  | Iteration|         | Trip |          |          |            |             |             |     |
    |                & Loops               | Type | Slack| (cycles)|    (ns)   |  Latency | Interval| Count| Pipelined|   BRAM   |     DSP    |      FF     |     LUT     | URAM|
    +--------------------------------------+------+------+---------+-----------+----------+---------+------+----------+----------+------------+-------------+-------------+-----+
    |+ blockmatmul*                        |     -|  0.39|      413|  4.130e+03|         -|      414|     -|  dataflow|  74 (26%)|  768 (349%)|  68447 (64%)|  24844 (46%)|    -|
    | + Loop_1_proc1                       |     -|  0.39|      413|  4.130e+03|         -|      413|     -|        no|   16 (5%)|  768 (349%)|  67974 (63%)|  24399 (45%)|    -|
    |  + Loop_1_proc1_Pipeline_1           |     -|  1.11|      258|  2.580e+03|         -|      258|     -|        no|         -|           -|     11 (~0%)|    243 (~0%)|    -|
    |   o Loop 1                           |     -|  7.30|      256|  2.560e+03|         1|        1|   256|       yes|         -|           -|            -|            -|    -|
    |  + Loop_1_proc1_Pipeline_loadA       |     -|  0.57|       66|    660.000|         -|       66|     -|        no|         -|           -|     17 (~0%)|     74 (~0%)|    -|
    |   o loadA                            |     -|  7.30|       64|    640.000|         2|        1|    64|       yes|         -|           -|            -|            -|    -|
    |  + Loop_1_proc1_Pipeline_partialsum  |     -|  0.39|       69|    690.000|         -|       69|     -|        no|         -|  768 (349%)|  59729 (56%)|  23034 (43%)|    -|
    |   o partialsum                       |     -|  7.30|       67|    670.000|         5|        1|    64|       yes|         -|           -|            -|            -|    -|
    | + Loop_writeoutput_proc              |     -|  0.79|      130|  1.300e+03|         -|      130|     -|        no|         -|           -|    473 (~0%)|    443 (~0%)|    -|
    |  o writeoutput                       |    II|  7.30|      128|  1.280e+03|         9|        8|    16|       yes|         -|           -|            -|            -|    -|
    +--------------------------------------+------+------+---------+-----------+----------+---------+------+----------+----------+------------+-------------+-------------+-----+


================================================================
== HW Interfaces
================================================================
* AP_FIFO
+-----------+------------+
| Interface | Data Width |
+-----------+------------+
| Arows     | 512        |
| Bcols     | 512        |
+-----------+------------+

* AP_MEMORY
+--------------------+----------+
| Interface          | Bitwidth |
+--------------------+----------+
| ABpartial_address0 | 8        |
| ABpartial_address1 | 8        |
| ABpartial_d0       | 32       |
| ABpartial_d1       | 32       |
| ABpartial_q0       | 32       |
| ABpartial_q1       | 32       |
+--------------------+----------+

* REGISTER
+-----------+---------+----------+
| Interface | Mode    | Bitwidth |
+-----------+---------+----------+
| it        | ap_none | 32       |
+-----------+---------+----------+

* TOP LEVEL CONTROL
+-----------+------------+-----------------------------------+
| Interface | Type       | Ports                             |
+-----------+------------+-----------------------------------+
| ap_clk    | clock      | ap_clk                            |
| ap_rst    | reset      | ap_rst                            |
| ap_ctrl   | ap_ctrl_hs | ap_done ap_idle ap_ready ap_start |
+-----------+------------+-----------------------------------+


================================================================
== SW I/O Information
================================================================
* Top Function Arguments
+-----------+-----------+----------------------+
| Argument  | Direction | Datatype             |
+-----------+-----------+----------------------+
| Arows     | in        | stream<blockvec, 0>& |
| Bcols     | in        | stream<blockvec, 0>& |
| ABpartial | out       | &                    |
| it        | in        | int                  |
+-----------+-----------+----------------------+

* SW-to-HW Mapping
+-----------+--------------------+-----------+----------+
| Argument  | HW Interface       | HW Type   | HW Usage |
+-----------+--------------------+-----------+----------+
| Arows     | Arows              | interface |          |
| Bcols     | Bcols              | interface |          |
| ABpartial | ABpartial_address0 | port      | offset   |
| ABpartial | ABpartial_ce0      | port      |          |
| ABpartial | ABpartial_d0       | port      |          |
| ABpartial | ABpartial_q0       | port      |          |
| ABpartial | ABpartial_we0      | port      |          |
| ABpartial | ABpartial_address1 | port      | offset   |
| ABpartial | ABpartial_ce1      | port      |          |
| ABpartial | ABpartial_d1       | port      |          |
| ABpartial | ABpartial_q1       | port      |          |
| ABpartial | ABpartial_we1      | port      |          |
| it        | it                 | port      |          |
+-----------+--------------------+-----------+----------+


================================================================
== Bind Op Report
================================================================
+--------------------------------------+-----+--------+--------------+-----+--------+---------+
| Name                                 | DSP | Pragma | Variable     | Op  | Impl   | Latency |
+--------------------------------------+-----+--------+--------------+-----+--------+---------+
| + blockmatmul                        | 768 |        |              |     |        |         |
|  + Loop_1_proc1                      | 768 |        |              |     |        |         |
|   + Loop_1_proc1_Pipeline_1          | 0   |        |              |     |        |         |
|     empty_112_fu_72_p2               | -   |        | empty_112    | add | fabric | 0       |
|   + Loop_1_proc1_Pipeline_loadA      | 0   |        |              |     |        |         |
|     add_ln14_fu_362_p2               | -   |        | add_ln14     | add | fabric | 0       |
|   + Loop_1_proc1_Pipeline_partialsum | 768 |        |              |     |        |         |
|     add_ln23_fu_782_p2               | -   |        | add_ln23     | add | fabric | 0       |
|     mul_32s_32s_32_2_1_U19           | 3   |        | mul_ln28_15  | mul | auto   | 1       |
|     mul_32s_32s_32_2_1_U20           | 3   |        | mul_ln28_14  | mul | auto   | 1       |
|     mul_32s_32s_32_2_1_U21           | 3   |        | mul_ln28_13  | mul | auto   | 1       |
|     mul_32s_32s_32_2_1_U22           | 3   |        | mul_ln28_12  | mul | auto   | 1       |
|     mul_32s_32s_32_2_1_U23           | 3   |        | mul_ln28_11  | mul | auto   | 1       |
|     mul_32s_32s_32_2_1_U24           | 3   |        | mul_ln28_10  | mul | auto   | 1       |
|     mul_32s_32s_32_2_1_U25           | 3   |        | mul_ln28_9   | mul | auto   | 1       |
|     mul_32s_32s_32_2_1_U26           | 3   |        | mul_ln28_8   | mul | auto   | 1       |
|     mul_32s_32s_32_2_1_U27           | 3   |        | mul_ln28_7   | mul | auto   | 1       |
|     mul_32s_32s_32_2_1_U28           | 3   |        | mul_ln28_6   | mul | auto   | 1       |
|     mul_32s_32s_32_2_1_U29           | 3   |        | mul_ln28_5   | mul | auto   | 1       |
|     mul_32s_32s_32_2_1_U30           | 3   |        | mul_ln28_4   | mul | auto   | 1       |
|     mul_32s_32s_32_2_1_U31           | 3   |        | mul_ln28_3   | mul | auto   | 1       |
|     mul_32s_32s_32_2_1_U32           | 3   |        | mul_ln28_2   | mul | auto   | 1       |
|     mul_32s_32s_32_2_1_U33           | 3   |        | mul_ln28_1   | mul | auto   | 1       |
|     mul_32s_32s_32_2_1_U34           | 3   |        | mul_ln28     | mul | auto   | 1       |
|     add_ln28_fu_2043_p2              | -   |        | add_ln28     | add | fabric | 0       |
|     add_ln28_1_fu_2058_p2            | -   |        | add_ln28_1   | add | fabric | 0       |
|     add_ln28_2_fu_2073_p2            | -   |        | add_ln28_2   | add | fabric | 0       |
|     add_ln28_3_fu_2088_p2            | -   |        | add_ln28_3   | add | fabric | 0       |
|     add_ln28_4_fu_2103_p2            | -   |        | add_ln28_4   | add | fabric | 0       |
|     add_ln28_5_fu_2118_p2            | -   |        | add_ln28_5   | add | fabric | 0       |
|     add_ln28_6_fu_2133_p2            | -   |        | add_ln28_6   | add | fabric | 0       |
|     add_ln28_7_fu_2148_p2            | -   |        | add_ln28_7   | add | fabric | 0       |
|     add_ln28_8_fu_2163_p2            | -   |        | add_ln28_8   | add | fabric | 0       |
|     add_ln28_9_fu_2178_p2            | -   |        | add_ln28_9   | add | fabric | 0       |
|     add_ln28_10_fu_2193_p2           | -   |        | add_ln28_10  | add | fabric | 0       |
|     add_ln28_11_fu_2208_p2           | -   |        | add_ln28_11  | add | fabric | 0       |
|     add_ln28_12_fu_2223_p2           | -   |        | add_ln28_12  | add | fabric | 0       |
|     add_ln28_13_fu_2238_p2           | -   |        | add_ln28_13  | add | fabric | 0       |
|     add_ln28_14_fu_2253_p2           | -   |        | add_ln28_14  | add | fabric | 0       |
|     add_ln28_15_fu_2268_p2           | -   |        | add_ln28_15  | add | fabric | 0       |
|     mul_32s_32s_32_2_1_U35           | 3   |        | mul_ln28_31  | mul | auto   | 1       |
|     mul_32s_32s_32_2_1_U36           | 3   |        | mul_ln28_30  | mul | auto   | 1       |
|     mul_32s_32s_32_2_1_U37           | 3   |        | mul_ln28_29  | mul | auto   | 1       |
|     mul_32s_32s_32_2_1_U38           | 3   |        | mul_ln28_28  | mul | auto   | 1       |
|     mul_32s_32s_32_2_1_U39           | 3   |        | mul_ln28_27  | mul | auto   | 1       |
|     mul_32s_32s_32_2_1_U40           | 3   |        | mul_ln28_26  | mul | auto   | 1       |
|     mul_32s_32s_32_2_1_U41           | 3   |        | mul_ln28_25  | mul | auto   | 1       |
|     mul_32s_32s_32_2_1_U42           | 3   |        | mul_ln28_24  | mul | auto   | 1       |
|     mul_32s_32s_32_2_1_U43           | 3   |        | mul_ln28_23  | mul | auto   | 1       |
|     mul_32s_32s_32_2_1_U44           | 3   |        | mul_ln28_22  | mul | auto   | 1       |
|     mul_32s_32s_32_2_1_U45           | 3   |        | mul_ln28_21  | mul | auto   | 1       |
|     mul_32s_32s_32_2_1_U46           | 3   |        | mul_ln28_20  | mul | auto   | 1       |
|     mul_32s_32s_32_2_1_U47           | 3   |        | mul_ln28_19  | mul | auto   | 1       |
|     mul_32s_32s_32_2_1_U48           | 3   |        | mul_ln28_18  | mul | auto   | 1       |
|     mul_32s_32s_32_2_1_U49           | 3   |        | mul_ln28_17  | mul | auto   | 1       |
|     mul_32s_32s_32_2_1_U50           | 3   |        | mul_ln28_16  | mul | auto   | 1       |
|     add_ln28_16_fu_2313_p2           | -   |        | add_ln28_16  | add | fabric | 0       |
|     add_ln28_17_fu_2328_p2           | -   |        | add_ln28_17  | add | fabric | 0       |
|     add_ln28_18_fu_2343_p2           | -   |        | add_ln28_18  | add | fabric | 0       |
|     add_ln28_19_fu_2358_p2           | -   |        | add_ln28_19  | add | fabric | 0       |
|     add_ln28_20_fu_2373_p2           | -   |        | add_ln28_20  | add | fabric | 0       |
|     add_ln28_21_fu_2388_p2           | -   |        | add_ln28_21  | add | fabric | 0       |
|     add_ln28_22_fu_2403_p2           | -   |        | add_ln28_22  | add | fabric | 0       |
|     add_ln28_23_fu_2418_p2           | -   |        | add_ln28_23  | add | fabric | 0       |
|     add_ln28_24_fu_2433_p2           | -   |        | add_ln28_24  | add | fabric | 0       |
|     add_ln28_25_fu_2448_p2           | -   |        | add_ln28_25  | add | fabric | 0       |
|     add_ln28_26_fu_2463_p2           | -   |        | add_ln28_26  | add | fabric | 0       |
|     add_ln28_27_fu_2478_p2           | -   |        | add_ln28_27  | add | fabric | 0       |
|     add_ln28_28_fu_2493_p2           | -   |        | add_ln28_28  | add | fabric | 0       |
|     add_ln28_29_fu_2508_p2           | -   |        | add_ln28_29  | add | fabric | 0       |
|     add_ln28_30_fu_2523_p2           | -   |        | add_ln28_30  | add | fabric | 0       |
|     add_ln28_31_fu_2538_p2           | -   |        | add_ln28_31  | add | fabric | 0       |
|     mul_32s_32s_32_2_1_U51           | 3   |        | mul_ln28_47  | mul | auto   | 1       |
|     mul_32s_32s_32_2_1_U52           | 3   |        | mul_ln28_46  | mul | auto   | 1       |
|     mul_32s_32s_32_2_1_U53           | 3   |        | mul_ln28_45  | mul | auto   | 1       |
|     mul_32s_32s_32_2_1_U54           | 3   |        | mul_ln28_44  | mul | auto   | 1       |
|     mul_32s_32s_32_2_1_U55           | 3   |        | mul_ln28_43  | mul | auto   | 1       |
|     mul_32s_32s_32_2_1_U56           | 3   |        | mul_ln28_42  | mul | auto   | 1       |
|     mul_32s_32s_32_2_1_U57           | 3   |        | mul_ln28_41  | mul | auto   | 1       |
|     mul_32s_32s_32_2_1_U58           | 3   |        | mul_ln28_40  | mul | auto   | 1       |
|     mul_32s_32s_32_2_1_U59           | 3   |        | mul_ln28_39  | mul | auto   | 1       |
|     mul_32s_32s_32_2_1_U60           | 3   |        | mul_ln28_38  | mul | auto   | 1       |
|     mul_32s_32s_32_2_1_U61           | 3   |        | mul_ln28_37  | mul | auto   | 1       |
|     mul_32s_32s_32_2_1_U62           | 3   |        | mul_ln28_36  | mul | auto   | 1       |
|     mul_32s_32s_32_2_1_U63           | 3   |        | mul_ln28_35  | mul | auto   | 1       |
|     mul_32s_32s_32_2_1_U64           | 3   |        | mul_ln28_34  | mul | auto   | 1       |
|     mul_32s_32s_32_2_1_U65           | 3   |        | mul_ln28_33  | mul | auto   | 1       |
|     mul_32s_32s_32_2_1_U66           | 3   |        | mul_ln28_32  | mul | auto   | 1       |
|     add_ln28_32_fu_2583_p2           | -   |        | add_ln28_32  | add | fabric | 0       |
|     add_ln28_33_fu_2598_p2           | -   |        | add_ln28_33  | add | fabric | 0       |
|     add_ln28_34_fu_2613_p2           | -   |        | add_ln28_34  | add | fabric | 0       |
|     add_ln28_35_fu_2628_p2           | -   |        | add_ln28_35  | add | fabric | 0       |
|     add_ln28_36_fu_2643_p2           | -   |        | add_ln28_36  | add | fabric | 0       |
|     add_ln28_37_fu_2658_p2           | -   |        | add_ln28_37  | add | fabric | 0       |
|     add_ln28_38_fu_2673_p2           | -   |        | add_ln28_38  | add | fabric | 0       |
|     add_ln28_39_fu_2688_p2           | -   |        | add_ln28_39  | add | fabric | 0       |
|     add_ln28_40_fu_2703_p2           | -   |        | add_ln28_40  | add | fabric | 0       |
|     add_ln28_41_fu_2718_p2           | -   |        | add_ln28_41  | add | fabric | 0       |
|     add_ln28_42_fu_2733_p2           | -   |        | add_ln28_42  | add | fabric | 0       |
|     add_ln28_43_fu_2748_p2           | -   |        | add_ln28_43  | add | fabric | 0       |
|     add_ln28_44_fu_2763_p2           | -   |        | add_ln28_44  | add | fabric | 0       |
|     add_ln28_45_fu_2778_p2           | -   |        | add_ln28_45  | add | fabric | 0       |
|     add_ln28_46_fu_2793_p2           | -   |        | add_ln28_46  | add | fabric | 0       |
|     add_ln28_47_fu_2808_p2           | -   |        | add_ln28_47  | add | fabric | 0       |
|     mul_32s_32s_32_2_1_U67           | 3   |        | mul_ln28_63  | mul | auto   | 1       |
|     mul_32s_32s_32_2_1_U68           | 3   |        | mul_ln28_62  | mul | auto   | 1       |
|     mul_32s_32s_32_2_1_U69           | 3   |        | mul_ln28_61  | mul | auto   | 1       |
|     mul_32s_32s_32_2_1_U70           | 3   |        | mul_ln28_60  | mul | auto   | 1       |
|     mul_32s_32s_32_2_1_U71           | 3   |        | mul_ln28_59  | mul | auto   | 1       |
|     mul_32s_32s_32_2_1_U72           | 3   |        | mul_ln28_58  | mul | auto   | 1       |
|     mul_32s_32s_32_2_1_U73           | 3   |        | mul_ln28_57  | mul | auto   | 1       |
|     mul_32s_32s_32_2_1_U74           | 3   |        | mul_ln28_56  | mul | auto   | 1       |
|     mul_32s_32s_32_2_1_U75           | 3   |        | mul_ln28_55  | mul | auto   | 1       |
|     mul_32s_32s_32_2_1_U76           | 3   |        | mul_ln28_54  | mul | auto   | 1       |
|     mul_32s_32s_32_2_1_U77           | 3   |        | mul_ln28_53  | mul | auto   | 1       |
|     mul_32s_32s_32_2_1_U78           | 3   |        | mul_ln28_52  | mul | auto   | 1       |
|     mul_32s_32s_32_2_1_U79           | 3   |        | mul_ln28_51  | mul | auto   | 1       |
|     mul_32s_32s_32_2_1_U80           | 3   |        | mul_ln28_50  | mul | auto   | 1       |
|     mul_32s_32s_32_2_1_U81           | 3   |        | mul_ln28_49  | mul | auto   | 1       |
|     mul_32s_32s_32_2_1_U82           | 3   |        | mul_ln28_48  | mul | auto   | 1       |
|     add_ln28_48_fu_2853_p2           | -   |        | add_ln28_48  | add | fabric | 0       |
|     add_ln28_49_fu_2868_p2           | -   |        | add_ln28_49  | add | fabric | 0       |
|     add_ln28_50_fu_2883_p2           | -   |        | add_ln28_50  | add | fabric | 0       |
|     add_ln28_51_fu_2898_p2           | -   |        | add_ln28_51  | add | fabric | 0       |
|     add_ln28_52_fu_2913_p2           | -   |        | add_ln28_52  | add | fabric | 0       |
|     add_ln28_53_fu_2928_p2           | -   |        | add_ln28_53  | add | fabric | 0       |
|     add_ln28_54_fu_2943_p2           | -   |        | add_ln28_54  | add | fabric | 0       |
|     add_ln28_55_fu_2958_p2           | -   |        | add_ln28_55  | add | fabric | 0       |
|     add_ln28_56_fu_2973_p2           | -   |        | add_ln28_56  | add | fabric | 0       |
|     add_ln28_57_fu_2988_p2           | -   |        | add_ln28_57  | add | fabric | 0       |
|     add_ln28_58_fu_3003_p2           | -   |        | add_ln28_58  | add | fabric | 0       |
|     add_ln28_59_fu_3018_p2           | -   |        | add_ln28_59  | add | fabric | 0       |
|     add_ln28_60_fu_3033_p2           | -   |        | add_ln28_60  | add | fabric | 0       |
|     add_ln28_61_fu_3048_p2           | -   |        | add_ln28_61  | add | fabric | 0       |
|     add_ln28_62_fu_3063_p2           | -   |        | add_ln28_62  | add | fabric | 0       |
|     add_ln28_63_fu_3078_p2           | -   |        | add_ln28_63  | add | fabric | 0       |
|     mul_32s_32s_32_2_1_U83           | 3   |        | mul_ln28_79  | mul | auto   | 1       |
|     mul_32s_32s_32_2_1_U84           | 3   |        | mul_ln28_78  | mul | auto   | 1       |
|     mul_32s_32s_32_2_1_U85           | 3   |        | mul_ln28_77  | mul | auto   | 1       |
|     mul_32s_32s_32_2_1_U86           | 3   |        | mul_ln28_76  | mul | auto   | 1       |
|     mul_32s_32s_32_2_1_U87           | 3   |        | mul_ln28_75  | mul | auto   | 1       |
|     mul_32s_32s_32_2_1_U88           | 3   |        | mul_ln28_74  | mul | auto   | 1       |
|     mul_32s_32s_32_2_1_U89           | 3   |        | mul_ln28_73  | mul | auto   | 1       |
|     mul_32s_32s_32_2_1_U90           | 3   |        | mul_ln28_72  | mul | auto   | 1       |
|     mul_32s_32s_32_2_1_U91           | 3   |        | mul_ln28_71  | mul | auto   | 1       |
|     mul_32s_32s_32_2_1_U92           | 3   |        | mul_ln28_70  | mul | auto   | 1       |
|     mul_32s_32s_32_2_1_U93           | 3   |        | mul_ln28_69  | mul | auto   | 1       |
|     mul_32s_32s_32_2_1_U94           | 3   |        | mul_ln28_68  | mul | auto   | 1       |
|     mul_32s_32s_32_2_1_U95           | 3   |        | mul_ln28_67  | mul | auto   | 1       |
|     mul_32s_32s_32_2_1_U96           | 3   |        | mul_ln28_66  | mul | auto   | 1       |
|     mul_32s_32s_32_2_1_U97           | 3   |        | mul_ln28_65  | mul | auto   | 1       |
|     mul_32s_32s_32_2_1_U98           | 3   |        | mul_ln28_64  | mul | auto   | 1       |
|     add_ln28_64_fu_3123_p2           | -   |        | add_ln28_64  | add | fabric | 0       |
|     add_ln28_65_fu_3138_p2           | -   |        | add_ln28_65  | add | fabric | 0       |
|     add_ln28_66_fu_3153_p2           | -   |        | add_ln28_66  | add | fabric | 0       |
|     add_ln28_67_fu_3168_p2           | -   |        | add_ln28_67  | add | fabric | 0       |
|     add_ln28_68_fu_3183_p2           | -   |        | add_ln28_68  | add | fabric | 0       |
|     add_ln28_69_fu_3198_p2           | -   |        | add_ln28_69  | add | fabric | 0       |
|     add_ln28_70_fu_3213_p2           | -   |        | add_ln28_70  | add | fabric | 0       |
|     add_ln28_71_fu_3228_p2           | -   |        | add_ln28_71  | add | fabric | 0       |
|     add_ln28_72_fu_3243_p2           | -   |        | add_ln28_72  | add | fabric | 0       |
|     add_ln28_73_fu_3258_p2           | -   |        | add_ln28_73  | add | fabric | 0       |
|     add_ln28_74_fu_3273_p2           | -   |        | add_ln28_74  | add | fabric | 0       |
|     add_ln28_75_fu_3288_p2           | -   |        | add_ln28_75  | add | fabric | 0       |
|     add_ln28_76_fu_3303_p2           | -   |        | add_ln28_76  | add | fabric | 0       |
|     add_ln28_77_fu_3318_p2           | -   |        | add_ln28_77  | add | fabric | 0       |
|     add_ln28_78_fu_3333_p2           | -   |        | add_ln28_78  | add | fabric | 0       |
|     add_ln28_79_fu_3348_p2           | -   |        | add_ln28_79  | add | fabric | 0       |
|     mul_32s_32s_32_2_1_U99           | 3   |        | mul_ln28_95  | mul | auto   | 1       |
|     mul_32s_32s_32_2_1_U100          | 3   |        | mul_ln28_94  | mul | auto   | 1       |
|     mul_32s_32s_32_2_1_U101          | 3   |        | mul_ln28_93  | mul | auto   | 1       |
|     mul_32s_32s_32_2_1_U102          | 3   |        | mul_ln28_92  | mul | auto   | 1       |
|     mul_32s_32s_32_2_1_U103          | 3   |        | mul_ln28_91  | mul | auto   | 1       |
|     mul_32s_32s_32_2_1_U104          | 3   |        | mul_ln28_90  | mul | auto   | 1       |
|     mul_32s_32s_32_2_1_U105          | 3   |        | mul_ln28_89  | mul | auto   | 1       |
|     mul_32s_32s_32_2_1_U106          | 3   |        | mul_ln28_88  | mul | auto   | 1       |
|     mul_32s_32s_32_2_1_U107          | 3   |        | mul_ln28_87  | mul | auto   | 1       |
|     mul_32s_32s_32_2_1_U108          | 3   |        | mul_ln28_86  | mul | auto   | 1       |
|     mul_32s_32s_32_2_1_U109          | 3   |        | mul_ln28_85  | mul | auto   | 1       |
|     mul_32s_32s_32_2_1_U110          | 3   |        | mul_ln28_84  | mul | auto   | 1       |
|     mul_32s_32s_32_2_1_U111          | 3   |        | mul_ln28_83  | mul | auto   | 1       |
|     mul_32s_32s_32_2_1_U112          | 3   |        | mul_ln28_82  | mul | auto   | 1       |
|     mul_32s_32s_32_2_1_U113          | 3   |        | mul_ln28_81  | mul | auto   | 1       |
|     mul_32s_32s_32_2_1_U114          | 3   |        | mul_ln28_80  | mul | auto   | 1       |
|     add_ln28_80_fu_3393_p2           | -   |        | add_ln28_80  | add | fabric | 0       |
|     add_ln28_81_fu_3408_p2           | -   |        | add_ln28_81  | add | fabric | 0       |
|     add_ln28_82_fu_3423_p2           | -   |        | add_ln28_82  | add | fabric | 0       |
|     add_ln28_83_fu_3438_p2           | -   |        | add_ln28_83  | add | fabric | 0       |
|     add_ln28_84_fu_3453_p2           | -   |        | add_ln28_84  | add | fabric | 0       |
|     add_ln28_85_fu_3468_p2           | -   |        | add_ln28_85  | add | fabric | 0       |
|     add_ln28_86_fu_3483_p2           | -   |        | add_ln28_86  | add | fabric | 0       |
|     add_ln28_87_fu_3498_p2           | -   |        | add_ln28_87  | add | fabric | 0       |
|     add_ln28_88_fu_3513_p2           | -   |        | add_ln28_88  | add | fabric | 0       |
|     add_ln28_89_fu_3528_p2           | -   |        | add_ln28_89  | add | fabric | 0       |
|     add_ln28_90_fu_3543_p2           | -   |        | add_ln28_90  | add | fabric | 0       |
|     add_ln28_91_fu_3558_p2           | -   |        | add_ln28_91  | add | fabric | 0       |
|     add_ln28_92_fu_3573_p2           | -   |        | add_ln28_92  | add | fabric | 0       |
|     add_ln28_93_fu_3588_p2           | -   |        | add_ln28_93  | add | fabric | 0       |
|     add_ln28_94_fu_3603_p2           | -   |        | add_ln28_94  | add | fabric | 0       |
|     add_ln28_95_fu_3618_p2           | -   |        | add_ln28_95  | add | fabric | 0       |
|     mul_32s_32s_32_2_1_U115          | 3   |        | mul_ln28_111 | mul | auto   | 1       |
|     mul_32s_32s_32_2_1_U116          | 3   |        | mul_ln28_110 | mul | auto   | 1       |
|     mul_32s_32s_32_2_1_U117          | 3   |        | mul_ln28_109 | mul | auto   | 1       |
|     mul_32s_32s_32_2_1_U118          | 3   |        | mul_ln28_108 | mul | auto   | 1       |
|     mul_32s_32s_32_2_1_U119          | 3   |        | mul_ln28_107 | mul | auto   | 1       |
|     mul_32s_32s_32_2_1_U120          | 3   |        | mul_ln28_106 | mul | auto   | 1       |
|     mul_32s_32s_32_2_1_U121          | 3   |        | mul_ln28_105 | mul | auto   | 1       |
|     mul_32s_32s_32_2_1_U122          | 3   |        | mul_ln28_104 | mul | auto   | 1       |
|     mul_32s_32s_32_2_1_U123          | 3   |        | mul_ln28_103 | mul | auto   | 1       |
|     mul_32s_32s_32_2_1_U124          | 3   |        | mul_ln28_102 | mul | auto   | 1       |
|     mul_32s_32s_32_2_1_U125          | 3   |        | mul_ln28_101 | mul | auto   | 1       |
|     mul_32s_32s_32_2_1_U126          | 3   |        | mul_ln28_100 | mul | auto   | 1       |
|     mul_32s_32s_32_2_1_U127          | 3   |        | mul_ln28_99  | mul | auto   | 1       |
|     mul_32s_32s_32_2_1_U128          | 3   |        | mul_ln28_98  | mul | auto   | 1       |
|     mul_32s_32s_32_2_1_U129          | 3   |        | mul_ln28_97  | mul | auto   | 1       |
|     mul_32s_32s_32_2_1_U130          | 3   |        | mul_ln28_96  | mul | auto   | 1       |
|     add_ln28_96_fu_3663_p2           | -   |        | add_ln28_96  | add | fabric | 0       |
|     add_ln28_97_fu_3678_p2           | -   |        | add_ln28_97  | add | fabric | 0       |
|     add_ln28_98_fu_3693_p2           | -   |        | add_ln28_98  | add | fabric | 0       |
|     add_ln28_99_fu_3708_p2           | -   |        | add_ln28_99  | add | fabric | 0       |
|     add_ln28_100_fu_3723_p2          | -   |        | add_ln28_100 | add | fabric | 0       |
|     add_ln28_101_fu_3738_p2          | -   |        | add_ln28_101 | add | fabric | 0       |
|     add_ln28_102_fu_3753_p2          | -   |        | add_ln28_102 | add | fabric | 0       |
|     add_ln28_103_fu_3768_p2          | -   |        | add_ln28_103 | add | fabric | 0       |
|     add_ln28_104_fu_3783_p2          | -   |        | add_ln28_104 | add | fabric | 0       |
|     add_ln28_105_fu_3798_p2          | -   |        | add_ln28_105 | add | fabric | 0       |
|     add_ln28_106_fu_3813_p2          | -   |        | add_ln28_106 | add | fabric | 0       |
|     add_ln28_107_fu_3828_p2          | -   |        | add_ln28_107 | add | fabric | 0       |
|     add_ln28_108_fu_3843_p2          | -   |        | add_ln28_108 | add | fabric | 0       |
|     add_ln28_109_fu_3858_p2          | -   |        | add_ln28_109 | add | fabric | 0       |
|     add_ln28_110_fu_3873_p2          | -   |        | add_ln28_110 | add | fabric | 0       |
|     add_ln28_111_fu_3888_p2          | -   |        | add_ln28_111 | add | fabric | 0       |
|     mul_32s_32s_32_2_1_U131          | 3   |        | mul_ln28_127 | mul | auto   | 1       |
|     mul_32s_32s_32_2_1_U132          | 3   |        | mul_ln28_126 | mul | auto   | 1       |
|     mul_32s_32s_32_2_1_U133          | 3   |        | mul_ln28_125 | mul | auto   | 1       |
|     mul_32s_32s_32_2_1_U134          | 3   |        | mul_ln28_124 | mul | auto   | 1       |
|     mul_32s_32s_32_2_1_U135          | 3   |        | mul_ln28_123 | mul | auto   | 1       |
|     mul_32s_32s_32_2_1_U136          | 3   |        | mul_ln28_122 | mul | auto   | 1       |
|     mul_32s_32s_32_2_1_U137          | 3   |        | mul_ln28_121 | mul | auto   | 1       |
|     mul_32s_32s_32_2_1_U138          | 3   |        | mul_ln28_120 | mul | auto   | 1       |
|     mul_32s_32s_32_2_1_U139          | 3   |        | mul_ln28_119 | mul | auto   | 1       |
|     mul_32s_32s_32_2_1_U140          | 3   |        | mul_ln28_118 | mul | auto   | 1       |
|     mul_32s_32s_32_2_1_U141          | 3   |        | mul_ln28_117 | mul | auto   | 1       |
|     mul_32s_32s_32_2_1_U142          | 3   |        | mul_ln28_116 | mul | auto   | 1       |
|     mul_32s_32s_32_2_1_U143          | 3   |        | mul_ln28_115 | mul | auto   | 1       |
|     mul_32s_32s_32_2_1_U144          | 3   |        | mul_ln28_114 | mul | auto   | 1       |
|     mul_32s_32s_32_2_1_U145          | 3   |        | mul_ln28_113 | mul | auto   | 1       |
|     mul_32s_32s_32_2_1_U146          | 3   |        | mul_ln28_112 | mul | auto   | 1       |
|     add_ln28_112_fu_3933_p2          | -   |        | add_ln28_112 | add | fabric | 0       |
|     add_ln28_113_fu_3948_p2          | -   |        | add_ln28_113 | add | fabric | 0       |
|     add_ln28_114_fu_3963_p2          | -   |        | add_ln28_114 | add | fabric | 0       |
|     add_ln28_115_fu_3978_p2          | -   |        | add_ln28_115 | add | fabric | 0       |
|     add_ln28_116_fu_3993_p2          | -   |        | add_ln28_116 | add | fabric | 0       |
|     add_ln28_117_fu_4008_p2          | -   |        | add_ln28_117 | add | fabric | 0       |
|     add_ln28_118_fu_4023_p2          | -   |        | add_ln28_118 | add | fabric | 0       |
|     add_ln28_119_fu_4038_p2          | -   |        | add_ln28_119 | add | fabric | 0       |
|     add_ln28_120_fu_4053_p2          | -   |        | add_ln28_120 | add | fabric | 0       |
|     add_ln28_121_fu_4068_p2          | -   |        | add_ln28_121 | add | fabric | 0       |
|     add_ln28_122_fu_4083_p2          | -   |        | add_ln28_122 | add | fabric | 0       |
|     add_ln28_123_fu_4098_p2          | -   |        | add_ln28_123 | add | fabric | 0       |
|     add_ln28_124_fu_4113_p2          | -   |        | add_ln28_124 | add | fabric | 0       |
|     add_ln28_125_fu_4128_p2          | -   |        | add_ln28_125 | add | fabric | 0       |
|     add_ln28_126_fu_4143_p2          | -   |        | add_ln28_126 | add | fabric | 0       |
|     add_ln28_127_fu_4158_p2          | -   |        | add_ln28_127 | add | fabric | 0       |
|     mul_32s_32s_32_2_1_U147          | 3   |        | mul_ln28_143 | mul | auto   | 1       |
|     mul_32s_32s_32_2_1_U148          | 3   |        | mul_ln28_142 | mul | auto   | 1       |
|     mul_32s_32s_32_2_1_U149          | 3   |        | mul_ln28_141 | mul | auto   | 1       |
|     mul_32s_32s_32_2_1_U150          | 3   |        | mul_ln28_140 | mul | auto   | 1       |
|     mul_32s_32s_32_2_1_U151          | 3   |        | mul_ln28_139 | mul | auto   | 1       |
|     mul_32s_32s_32_2_1_U152          | 3   |        | mul_ln28_138 | mul | auto   | 1       |
|     mul_32s_32s_32_2_1_U153          | 3   |        | mul_ln28_137 | mul | auto   | 1       |
|     mul_32s_32s_32_2_1_U154          | 3   |        | mul_ln28_136 | mul | auto   | 1       |
|     mul_32s_32s_32_2_1_U155          | 3   |        | mul_ln28_135 | mul | auto   | 1       |
|     mul_32s_32s_32_2_1_U156          | 3   |        | mul_ln28_134 | mul | auto   | 1       |
|     mul_32s_32s_32_2_1_U157          | 3   |        | mul_ln28_133 | mul | auto   | 1       |
|     mul_32s_32s_32_2_1_U158          | 3   |        | mul_ln28_132 | mul | auto   | 1       |
|     mul_32s_32s_32_2_1_U159          | 3   |        | mul_ln28_131 | mul | auto   | 1       |
|     mul_32s_32s_32_2_1_U160          | 3   |        | mul_ln28_130 | mul | auto   | 1       |
|     mul_32s_32s_32_2_1_U161          | 3   |        | mul_ln28_129 | mul | auto   | 1       |
|     mul_32s_32s_32_2_1_U162          | 3   |        | mul_ln28_128 | mul | auto   | 1       |
|     add_ln28_128_fu_4203_p2          | -   |        | add_ln28_128 | add | fabric | 0       |
|     add_ln28_129_fu_4218_p2          | -   |        | add_ln28_129 | add | fabric | 0       |
|     add_ln28_130_fu_4233_p2          | -   |        | add_ln28_130 | add | fabric | 0       |
|     add_ln28_131_fu_4248_p2          | -   |        | add_ln28_131 | add | fabric | 0       |
|     add_ln28_132_fu_4263_p2          | -   |        | add_ln28_132 | add | fabric | 0       |
|     add_ln28_133_fu_4278_p2          | -   |        | add_ln28_133 | add | fabric | 0       |
|     add_ln28_134_fu_4293_p2          | -   |        | add_ln28_134 | add | fabric | 0       |
|     add_ln28_135_fu_4308_p2          | -   |        | add_ln28_135 | add | fabric | 0       |
|     add_ln28_136_fu_4323_p2          | -   |        | add_ln28_136 | add | fabric | 0       |
|     add_ln28_137_fu_4338_p2          | -   |        | add_ln28_137 | add | fabric | 0       |
|     add_ln28_138_fu_4353_p2          | -   |        | add_ln28_138 | add | fabric | 0       |
|     add_ln28_139_fu_4368_p2          | -   |        | add_ln28_139 | add | fabric | 0       |
|     add_ln28_140_fu_4383_p2          | -   |        | add_ln28_140 | add | fabric | 0       |
|     add_ln28_141_fu_4398_p2          | -   |        | add_ln28_141 | add | fabric | 0       |
|     add_ln28_142_fu_4413_p2          | -   |        | add_ln28_142 | add | fabric | 0       |
|     add_ln28_143_fu_4428_p2          | -   |        | add_ln28_143 | add | fabric | 0       |
|     mul_32s_32s_32_2_1_U163          | 3   |        | mul_ln28_159 | mul | auto   | 1       |
|     mul_32s_32s_32_2_1_U164          | 3   |        | mul_ln28_158 | mul | auto   | 1       |
|     mul_32s_32s_32_2_1_U165          | 3   |        | mul_ln28_157 | mul | auto   | 1       |
|     mul_32s_32s_32_2_1_U166          | 3   |        | mul_ln28_156 | mul | auto   | 1       |
|     mul_32s_32s_32_2_1_U167          | 3   |        | mul_ln28_155 | mul | auto   | 1       |
|     mul_32s_32s_32_2_1_U168          | 3   |        | mul_ln28_154 | mul | auto   | 1       |
|     mul_32s_32s_32_2_1_U169          | 3   |        | mul_ln28_153 | mul | auto   | 1       |
|     mul_32s_32s_32_2_1_U170          | 3   |        | mul_ln28_152 | mul | auto   | 1       |
|     mul_32s_32s_32_2_1_U171          | 3   |        | mul_ln28_151 | mul | auto   | 1       |
|     mul_32s_32s_32_2_1_U172          | 3   |        | mul_ln28_150 | mul | auto   | 1       |
|     mul_32s_32s_32_2_1_U173          | 3   |        | mul_ln28_149 | mul | auto   | 1       |
|     mul_32s_32s_32_2_1_U174          | 3   |        | mul_ln28_148 | mul | auto   | 1       |
|     mul_32s_32s_32_2_1_U175          | 3   |        | mul_ln28_147 | mul | auto   | 1       |
|     mul_32s_32s_32_2_1_U176          | 3   |        | mul_ln28_146 | mul | auto   | 1       |
|     mul_32s_32s_32_2_1_U177          | 3   |        | mul_ln28_145 | mul | auto   | 1       |
|     mul_32s_32s_32_2_1_U178          | 3   |        | mul_ln28_144 | mul | auto   | 1       |
|     add_ln28_144_fu_4473_p2          | -   |        | add_ln28_144 | add | fabric | 0       |
|     add_ln28_145_fu_4488_p2          | -   |        | add_ln28_145 | add | fabric | 0       |
|     add_ln28_146_fu_4503_p2          | -   |        | add_ln28_146 | add | fabric | 0       |
|     add_ln28_147_fu_4518_p2          | -   |        | add_ln28_147 | add | fabric | 0       |
|     add_ln28_148_fu_4533_p2          | -   |        | add_ln28_148 | add | fabric | 0       |
|     add_ln28_149_fu_4548_p2          | -   |        | add_ln28_149 | add | fabric | 0       |
|     add_ln28_150_fu_4563_p2          | -   |        | add_ln28_150 | add | fabric | 0       |
|     add_ln28_151_fu_4578_p2          | -   |        | add_ln28_151 | add | fabric | 0       |
|     add_ln28_152_fu_4593_p2          | -   |        | add_ln28_152 | add | fabric | 0       |
|     add_ln28_153_fu_4608_p2          | -   |        | add_ln28_153 | add | fabric | 0       |
|     add_ln28_154_fu_4623_p2          | -   |        | add_ln28_154 | add | fabric | 0       |
|     add_ln28_155_fu_4638_p2          | -   |        | add_ln28_155 | add | fabric | 0       |
|     add_ln28_156_fu_4653_p2          | -   |        | add_ln28_156 | add | fabric | 0       |
|     add_ln28_157_fu_4668_p2          | -   |        | add_ln28_157 | add | fabric | 0       |
|     add_ln28_158_fu_4683_p2          | -   |        | add_ln28_158 | add | fabric | 0       |
|     add_ln28_159_fu_4698_p2          | -   |        | add_ln28_159 | add | fabric | 0       |
|     mul_32s_32s_32_2_1_U179          | 3   |        | mul_ln28_175 | mul | auto   | 1       |
|     mul_32s_32s_32_2_1_U180          | 3   |        | mul_ln28_174 | mul | auto   | 1       |
|     mul_32s_32s_32_2_1_U181          | 3   |        | mul_ln28_173 | mul | auto   | 1       |
|     mul_32s_32s_32_2_1_U182          | 3   |        | mul_ln28_172 | mul | auto   | 1       |
|     mul_32s_32s_32_2_1_U183          | 3   |        | mul_ln28_171 | mul | auto   | 1       |
|     mul_32s_32s_32_2_1_U184          | 3   |        | mul_ln28_170 | mul | auto   | 1       |
|     mul_32s_32s_32_2_1_U185          | 3   |        | mul_ln28_169 | mul | auto   | 1       |
|     mul_32s_32s_32_2_1_U186          | 3   |        | mul_ln28_168 | mul | auto   | 1       |
|     mul_32s_32s_32_2_1_U187          | 3   |        | mul_ln28_167 | mul | auto   | 1       |
|     mul_32s_32s_32_2_1_U188          | 3   |        | mul_ln28_166 | mul | auto   | 1       |
|     mul_32s_32s_32_2_1_U189          | 3   |        | mul_ln28_165 | mul | auto   | 1       |
|     mul_32s_32s_32_2_1_U190          | 3   |        | mul_ln28_164 | mul | auto   | 1       |
|     mul_32s_32s_32_2_1_U191          | 3   |        | mul_ln28_163 | mul | auto   | 1       |
|     mul_32s_32s_32_2_1_U192          | 3   |        | mul_ln28_162 | mul | auto   | 1       |
|     mul_32s_32s_32_2_1_U193          | 3   |        | mul_ln28_161 | mul | auto   | 1       |
|     mul_32s_32s_32_2_1_U194          | 3   |        | mul_ln28_160 | mul | auto   | 1       |
|     add_ln28_160_fu_4743_p2          | -   |        | add_ln28_160 | add | fabric | 0       |
|     add_ln28_161_fu_4758_p2          | -   |        | add_ln28_161 | add | fabric | 0       |
|     add_ln28_162_fu_4773_p2          | -   |        | add_ln28_162 | add | fabric | 0       |
|     add_ln28_163_fu_4788_p2          | -   |        | add_ln28_163 | add | fabric | 0       |
|     add_ln28_164_fu_4803_p2          | -   |        | add_ln28_164 | add | fabric | 0       |
|     add_ln28_165_fu_4818_p2          | -   |        | add_ln28_165 | add | fabric | 0       |
|     add_ln28_166_fu_4833_p2          | -   |        | add_ln28_166 | add | fabric | 0       |
|     add_ln28_167_fu_4848_p2          | -   |        | add_ln28_167 | add | fabric | 0       |
|     add_ln28_168_fu_4863_p2          | -   |        | add_ln28_168 | add | fabric | 0       |
|     add_ln28_169_fu_4878_p2          | -   |        | add_ln28_169 | add | fabric | 0       |
|     add_ln28_170_fu_4893_p2          | -   |        | add_ln28_170 | add | fabric | 0       |
|     add_ln28_171_fu_4908_p2          | -   |        | add_ln28_171 | add | fabric | 0       |
|     add_ln28_172_fu_4923_p2          | -   |        | add_ln28_172 | add | fabric | 0       |
|     add_ln28_173_fu_4938_p2          | -   |        | add_ln28_173 | add | fabric | 0       |
|     add_ln28_174_fu_4953_p2          | -   |        | add_ln28_174 | add | fabric | 0       |
|     add_ln28_175_fu_4968_p2          | -   |        | add_ln28_175 | add | fabric | 0       |
|     mul_32s_32s_32_2_1_U195          | 3   |        | mul_ln28_191 | mul | auto   | 1       |
|     mul_32s_32s_32_2_1_U196          | 3   |        | mul_ln28_190 | mul | auto   | 1       |
|     mul_32s_32s_32_2_1_U197          | 3   |        | mul_ln28_189 | mul | auto   | 1       |
|     mul_32s_32s_32_2_1_U198          | 3   |        | mul_ln28_188 | mul | auto   | 1       |
|     mul_32s_32s_32_2_1_U199          | 3   |        | mul_ln28_187 | mul | auto   | 1       |
|     mul_32s_32s_32_2_1_U200          | 3   |        | mul_ln28_186 | mul | auto   | 1       |
|     mul_32s_32s_32_2_1_U201          | 3   |        | mul_ln28_185 | mul | auto   | 1       |
|     mul_32s_32s_32_2_1_U202          | 3   |        | mul_ln28_184 | mul | auto   | 1       |
|     mul_32s_32s_32_2_1_U203          | 3   |        | mul_ln28_183 | mul | auto   | 1       |
|     mul_32s_32s_32_2_1_U204          | 3   |        | mul_ln28_182 | mul | auto   | 1       |
|     mul_32s_32s_32_2_1_U205          | 3   |        | mul_ln28_181 | mul | auto   | 1       |
|     mul_32s_32s_32_2_1_U206          | 3   |        | mul_ln28_180 | mul | auto   | 1       |
|     mul_32s_32s_32_2_1_U207          | 3   |        | mul_ln28_179 | mul | auto   | 1       |
|     mul_32s_32s_32_2_1_U208          | 3   |        | mul_ln28_178 | mul | auto   | 1       |
|     mul_32s_32s_32_2_1_U209          | 3   |        | mul_ln28_177 | mul | auto   | 1       |
|     mul_32s_32s_32_2_1_U210          | 3   |        | mul_ln28_176 | mul | auto   | 1       |
|     add_ln28_176_fu_5013_p2          | -   |        | add_ln28_176 | add | fabric | 0       |
|     add_ln28_177_fu_5028_p2          | -   |        | add_ln28_177 | add | fabric | 0       |
|     add_ln28_178_fu_5043_p2          | -   |        | add_ln28_178 | add | fabric | 0       |
|     add_ln28_179_fu_5058_p2          | -   |        | add_ln28_179 | add | fabric | 0       |
|     add_ln28_180_fu_5073_p2          | -   |        | add_ln28_180 | add | fabric | 0       |
|     add_ln28_181_fu_5088_p2          | -   |        | add_ln28_181 | add | fabric | 0       |
|     add_ln28_182_fu_5103_p2          | -   |        | add_ln28_182 | add | fabric | 0       |
|     add_ln28_183_fu_5118_p2          | -   |        | add_ln28_183 | add | fabric | 0       |
|     add_ln28_184_fu_5133_p2          | -   |        | add_ln28_184 | add | fabric | 0       |
|     add_ln28_185_fu_5148_p2          | -   |        | add_ln28_185 | add | fabric | 0       |
|     add_ln28_186_fu_5163_p2          | -   |        | add_ln28_186 | add | fabric | 0       |
|     add_ln28_187_fu_5178_p2          | -   |        | add_ln28_187 | add | fabric | 0       |
|     add_ln28_188_fu_5193_p2          | -   |        | add_ln28_188 | add | fabric | 0       |
|     add_ln28_189_fu_5208_p2          | -   |        | add_ln28_189 | add | fabric | 0       |
|     add_ln28_190_fu_5223_p2          | -   |        | add_ln28_190 | add | fabric | 0       |
|     add_ln28_191_fu_5238_p2          | -   |        | add_ln28_191 | add | fabric | 0       |
|     mul_32s_32s_32_2_1_U211          | 3   |        | mul_ln28_207 | mul | auto   | 1       |
|     mul_32s_32s_32_2_1_U212          | 3   |        | mul_ln28_206 | mul | auto   | 1       |
|     mul_32s_32s_32_2_1_U213          | 3   |        | mul_ln28_205 | mul | auto   | 1       |
|     mul_32s_32s_32_2_1_U214          | 3   |        | mul_ln28_204 | mul | auto   | 1       |
|     mul_32s_32s_32_2_1_U215          | 3   |        | mul_ln28_203 | mul | auto   | 1       |
|     mul_32s_32s_32_2_1_U216          | 3   |        | mul_ln28_202 | mul | auto   | 1       |
|     mul_32s_32s_32_2_1_U217          | 3   |        | mul_ln28_201 | mul | auto   | 1       |
|     mul_32s_32s_32_2_1_U218          | 3   |        | mul_ln28_200 | mul | auto   | 1       |
|     mul_32s_32s_32_2_1_U219          | 3   |        | mul_ln28_199 | mul | auto   | 1       |
|     mul_32s_32s_32_2_1_U220          | 3   |        | mul_ln28_198 | mul | auto   | 1       |
|     mul_32s_32s_32_2_1_U221          | 3   |        | mul_ln28_197 | mul | auto   | 1       |
|     mul_32s_32s_32_2_1_U222          | 3   |        | mul_ln28_196 | mul | auto   | 1       |
|     mul_32s_32s_32_2_1_U223          | 3   |        | mul_ln28_195 | mul | auto   | 1       |
|     mul_32s_32s_32_2_1_U224          | 3   |        | mul_ln28_194 | mul | auto   | 1       |
|     mul_32s_32s_32_2_1_U225          | 3   |        | mul_ln28_193 | mul | auto   | 1       |
|     mul_32s_32s_32_2_1_U226          | 3   |        | mul_ln28_192 | mul | auto   | 1       |
|     add_ln28_192_fu_5283_p2          | -   |        | add_ln28_192 | add | fabric | 0       |
|     add_ln28_193_fu_5298_p2          | -   |        | add_ln28_193 | add | fabric | 0       |
|     add_ln28_194_fu_5313_p2          | -   |        | add_ln28_194 | add | fabric | 0       |
|     add_ln28_195_fu_5328_p2          | -   |        | add_ln28_195 | add | fabric | 0       |
|     add_ln28_196_fu_5343_p2          | -   |        | add_ln28_196 | add | fabric | 0       |
|     add_ln28_197_fu_5358_p2          | -   |        | add_ln28_197 | add | fabric | 0       |
|     add_ln28_198_fu_5373_p2          | -   |        | add_ln28_198 | add | fabric | 0       |
|     add_ln28_199_fu_5388_p2          | -   |        | add_ln28_199 | add | fabric | 0       |
|     add_ln28_200_fu_5403_p2          | -   |        | add_ln28_200 | add | fabric | 0       |
|     add_ln28_201_fu_5418_p2          | -   |        | add_ln28_201 | add | fabric | 0       |
|     add_ln28_202_fu_5433_p2          | -   |        | add_ln28_202 | add | fabric | 0       |
|     add_ln28_203_fu_5448_p2          | -   |        | add_ln28_203 | add | fabric | 0       |
|     add_ln28_204_fu_5463_p2          | -   |        | add_ln28_204 | add | fabric | 0       |
|     add_ln28_205_fu_5478_p2          | -   |        | add_ln28_205 | add | fabric | 0       |
|     add_ln28_206_fu_5493_p2          | -   |        | add_ln28_206 | add | fabric | 0       |
|     add_ln28_207_fu_5508_p2          | -   |        | add_ln28_207 | add | fabric | 0       |
|     mul_32s_32s_32_2_1_U227          | 3   |        | mul_ln28_223 | mul | auto   | 1       |
|     mul_32s_32s_32_2_1_U228          | 3   |        | mul_ln28_222 | mul | auto   | 1       |
|     mul_32s_32s_32_2_1_U229          | 3   |        | mul_ln28_221 | mul | auto   | 1       |
|     mul_32s_32s_32_2_1_U230          | 3   |        | mul_ln28_220 | mul | auto   | 1       |
|     mul_32s_32s_32_2_1_U231          | 3   |        | mul_ln28_219 | mul | auto   | 1       |
|     mul_32s_32s_32_2_1_U232          | 3   |        | mul_ln28_218 | mul | auto   | 1       |
|     mul_32s_32s_32_2_1_U233          | 3   |        | mul_ln28_217 | mul | auto   | 1       |
|     mul_32s_32s_32_2_1_U234          | 3   |        | mul_ln28_216 | mul | auto   | 1       |
|     mul_32s_32s_32_2_1_U235          | 3   |        | mul_ln28_215 | mul | auto   | 1       |
|     mul_32s_32s_32_2_1_U236          | 3   |        | mul_ln28_214 | mul | auto   | 1       |
|     mul_32s_32s_32_2_1_U237          | 3   |        | mul_ln28_213 | mul | auto   | 1       |
|     mul_32s_32s_32_2_1_U238          | 3   |        | mul_ln28_212 | mul | auto   | 1       |
|     mul_32s_32s_32_2_1_U239          | 3   |        | mul_ln28_211 | mul | auto   | 1       |
|     mul_32s_32s_32_2_1_U240          | 3   |        | mul_ln28_210 | mul | auto   | 1       |
|     mul_32s_32s_32_2_1_U241          | 3   |        | mul_ln28_209 | mul | auto   | 1       |
|     mul_32s_32s_32_2_1_U242          | 3   |        | mul_ln28_208 | mul | auto   | 1       |
|     add_ln28_208_fu_5553_p2          | -   |        | add_ln28_208 | add | fabric | 0       |
|     add_ln28_209_fu_5568_p2          | -   |        | add_ln28_209 | add | fabric | 0       |
|     add_ln28_210_fu_5583_p2          | -   |        | add_ln28_210 | add | fabric | 0       |
|     add_ln28_211_fu_5598_p2          | -   |        | add_ln28_211 | add | fabric | 0       |
|     add_ln28_212_fu_5613_p2          | -   |        | add_ln28_212 | add | fabric | 0       |
|     add_ln28_213_fu_5628_p2          | -   |        | add_ln28_213 | add | fabric | 0       |
|     add_ln28_214_fu_5643_p2          | -   |        | add_ln28_214 | add | fabric | 0       |
|     add_ln28_215_fu_5658_p2          | -   |        | add_ln28_215 | add | fabric | 0       |
|     add_ln28_216_fu_5673_p2          | -   |        | add_ln28_216 | add | fabric | 0       |
|     add_ln28_217_fu_5688_p2          | -   |        | add_ln28_217 | add | fabric | 0       |
|     add_ln28_218_fu_5703_p2          | -   |        | add_ln28_218 | add | fabric | 0       |
|     add_ln28_219_fu_5718_p2          | -   |        | add_ln28_219 | add | fabric | 0       |
|     add_ln28_220_fu_5733_p2          | -   |        | add_ln28_220 | add | fabric | 0       |
|     add_ln28_221_fu_5748_p2          | -   |        | add_ln28_221 | add | fabric | 0       |
|     add_ln28_222_fu_5763_p2          | -   |        | add_ln28_222 | add | fabric | 0       |
|     add_ln28_223_fu_5778_p2          | -   |        | add_ln28_223 | add | fabric | 0       |
|     mul_32s_32s_32_2_1_U243          | 3   |        | mul_ln28_239 | mul | auto   | 1       |
|     mul_32s_32s_32_2_1_U244          | 3   |        | mul_ln28_238 | mul | auto   | 1       |
|     mul_32s_32s_32_2_1_U245          | 3   |        | mul_ln28_237 | mul | auto   | 1       |
|     mul_32s_32s_32_2_1_U246          | 3   |        | mul_ln28_236 | mul | auto   | 1       |
|     mul_32s_32s_32_2_1_U247          | 3   |        | mul_ln28_235 | mul | auto   | 1       |
|     mul_32s_32s_32_2_1_U248          | 3   |        | mul_ln28_234 | mul | auto   | 1       |
|     mul_32s_32s_32_2_1_U249          | 3   |        | mul_ln28_233 | mul | auto   | 1       |
|     mul_32s_32s_32_2_1_U250          | 3   |        | mul_ln28_232 | mul | auto   | 1       |
|     mul_32s_32s_32_2_1_U251          | 3   |        | mul_ln28_231 | mul | auto   | 1       |
|     mul_32s_32s_32_2_1_U252          | 3   |        | mul_ln28_230 | mul | auto   | 1       |
|     mul_32s_32s_32_2_1_U253          | 3   |        | mul_ln28_229 | mul | auto   | 1       |
|     mul_32s_32s_32_2_1_U254          | 3   |        | mul_ln28_228 | mul | auto   | 1       |
|     mul_32s_32s_32_2_1_U255          | 3   |        | mul_ln28_227 | mul | auto   | 1       |
|     mul_32s_32s_32_2_1_U256          | 3   |        | mul_ln28_226 | mul | auto   | 1       |
|     mul_32s_32s_32_2_1_U257          | 3   |        | mul_ln28_225 | mul | auto   | 1       |
|     mul_32s_32s_32_2_1_U258          | 3   |        | mul_ln28_224 | mul | auto   | 1       |
|     add_ln28_224_fu_5823_p2          | -   |        | add_ln28_224 | add | fabric | 0       |
|     add_ln28_225_fu_5838_p2          | -   |        | add_ln28_225 | add | fabric | 0       |
|     add_ln28_226_fu_5853_p2          | -   |        | add_ln28_226 | add | fabric | 0       |
|     add_ln28_227_fu_5868_p2          | -   |        | add_ln28_227 | add | fabric | 0       |
|     add_ln28_228_fu_5883_p2          | -   |        | add_ln28_228 | add | fabric | 0       |
|     add_ln28_229_fu_5898_p2          | -   |        | add_ln28_229 | add | fabric | 0       |
|     add_ln28_230_fu_5913_p2          | -   |        | add_ln28_230 | add | fabric | 0       |
|     add_ln28_231_fu_5928_p2          | -   |        | add_ln28_231 | add | fabric | 0       |
|     add_ln28_232_fu_5943_p2          | -   |        | add_ln28_232 | add | fabric | 0       |
|     add_ln28_233_fu_5958_p2          | -   |        | add_ln28_233 | add | fabric | 0       |
|     add_ln28_234_fu_5973_p2          | -   |        | add_ln28_234 | add | fabric | 0       |
|     add_ln28_235_fu_5988_p2          | -   |        | add_ln28_235 | add | fabric | 0       |
|     add_ln28_236_fu_6003_p2          | -   |        | add_ln28_236 | add | fabric | 0       |
|     add_ln28_237_fu_6018_p2          | -   |        | add_ln28_237 | add | fabric | 0       |
|     add_ln28_238_fu_6033_p2          | -   |        | add_ln28_238 | add | fabric | 0       |
|     add_ln28_239_fu_6048_p2          | -   |        | add_ln28_239 | add | fabric | 0       |
|     mul_32s_32s_32_2_1_U259          | 3   |        | mul_ln28_255 | mul | auto   | 1       |
|     mul_32s_32s_32_2_1_U260          | 3   |        | mul_ln28_254 | mul | auto   | 1       |
|     mul_32s_32s_32_2_1_U261          | 3   |        | mul_ln28_253 | mul | auto   | 1       |
|     mul_32s_32s_32_2_1_U262          | 3   |        | mul_ln28_252 | mul | auto   | 1       |
|     mul_32s_32s_32_2_1_U263          | 3   |        | mul_ln28_251 | mul | auto   | 1       |
|     mul_32s_32s_32_2_1_U264          | 3   |        | mul_ln28_250 | mul | auto   | 1       |
|     mul_32s_32s_32_2_1_U265          | 3   |        | mul_ln28_249 | mul | auto   | 1       |
|     mul_32s_32s_32_2_1_U266          | 3   |        | mul_ln28_248 | mul | auto   | 1       |
|     mul_32s_32s_32_2_1_U267          | 3   |        | mul_ln28_247 | mul | auto   | 1       |
|     mul_32s_32s_32_2_1_U268          | 3   |        | mul_ln28_246 | mul | auto   | 1       |
|     mul_32s_32s_32_2_1_U269          | 3   |        | mul_ln28_245 | mul | auto   | 1       |
|     mul_32s_32s_32_2_1_U270          | 3   |        | mul_ln28_244 | mul | auto   | 1       |
|     mul_32s_32s_32_2_1_U271          | 3   |        | mul_ln28_243 | mul | auto   | 1       |
|     mul_32s_32s_32_2_1_U272          | 3   |        | mul_ln28_242 | mul | auto   | 1       |
|     mul_32s_32s_32_2_1_U273          | 3   |        | mul_ln28_241 | mul | auto   | 1       |
|     mul_32s_32s_32_2_1_U274          | 3   |        | mul_ln28_240 | mul | auto   | 1       |
|     add_ln28_240_fu_6093_p2          | -   |        | add_ln28_240 | add | fabric | 0       |
|     add_ln28_241_fu_6108_p2          | -   |        | add_ln28_241 | add | fabric | 0       |
|     add_ln28_242_fu_6123_p2          | -   |        | add_ln28_242 | add | fabric | 0       |
|     add_ln28_243_fu_6138_p2          | -   |        | add_ln28_243 | add | fabric | 0       |
|     add_ln28_244_fu_6153_p2          | -   |        | add_ln28_244 | add | fabric | 0       |
|     add_ln28_245_fu_6168_p2          | -   |        | add_ln28_245 | add | fabric | 0       |
|     add_ln28_246_fu_6183_p2          | -   |        | add_ln28_246 | add | fabric | 0       |
|     add_ln28_247_fu_6198_p2          | -   |        | add_ln28_247 | add | fabric | 0       |
|     add_ln28_248_fu_6213_p2          | -   |        | add_ln28_248 | add | fabric | 0       |
|     add_ln28_249_fu_6228_p2          | -   |        | add_ln28_249 | add | fabric | 0       |
|     add_ln28_250_fu_6243_p2          | -   |        | add_ln28_250 | add | fabric | 0       |
|     add_ln28_251_fu_6258_p2          | -   |        | add_ln28_251 | add | fabric | 0       |
|     add_ln28_252_fu_6273_p2          | -   |        | add_ln28_252 | add | fabric | 0       |
|     add_ln28_253_fu_6288_p2          | -   |        | add_ln28_253 | add | fabric | 0       |
|     add_ln28_254_fu_6303_p2          | -   |        | add_ln28_254 | add | fabric | 0       |
|     add_ln28_255_fu_6318_p2          | -   |        | add_ln28_255 | add | fabric | 0       |
|  + Loop_writeoutput_proc             | 0   |        |              |     |        |         |
|    add_ln33_fu_306_p2                | -   |        | add_ln33     | add | fabric | 0       |
+--------------------------------------+-----+--------+--------------+-----+--------+---------+


================================================================
== Bind Storage Report
================================================================
+-------------------------------------------------------------------------+------+------+--------+--------------------------------------------------------------------+---------+------+---------+
| Name                                                                    | BRAM | URAM | Pragma | Variable                                                           | Storage | Impl | Latency |
+-------------------------------------------------------------------------+------+------+--------+--------------------------------------------------------------------+---------+------+---------+
| + blockmatmul                                                           | 74   | 0    |        |                                                                    |         |      |         |
|   AB_U                                                                  | 29   | -    |        | AB                                                                 | ram_t2p | auto | 1       |
|  + Loop_1_proc1                                                         | 16   | 0    |        |                                                                    |         |      |         |
|    blockmatmul_stream_blockvec_0_stream_blockvec_0_blockmat_int_A_U     | 1    | -    |        | blockmatmul_stream_blockvec_0_stream_blockvec_0_blockmat_int_A     | ram_1p  | auto | 1       |
|    blockmatmul_stream_blockvec_0_stream_blockvec_0_blockmat_int_A_1_U   | 1    | -    |        | blockmatmul_stream_blockvec_0_stream_blockvec_0_blockmat_int_A_1   | ram_1p  | auto | 1       |
|    blockmatmul_stream_blockvec_0_stream_blockvec_0_blockmat_int_A_2_U   | 1    | -    |        | blockmatmul_stream_blockvec_0_stream_blockvec_0_blockmat_int_A_2   | ram_1p  | auto | 1       |
|    blockmatmul_stream_blockvec_0_stream_blockvec_0_blockmat_int_A_3_U   | 1    | -    |        | blockmatmul_stream_blockvec_0_stream_blockvec_0_blockmat_int_A_3   | ram_1p  | auto | 1       |
|    blockmatmul_stream_blockvec_0_stream_blockvec_0_blockmat_int_A_4_U   | 1    | -    |        | blockmatmul_stream_blockvec_0_stream_blockvec_0_blockmat_int_A_4   | ram_1p  | auto | 1       |
|    blockmatmul_stream_blockvec_0_stream_blockvec_0_blockmat_int_A_5_U   | 1    | -    |        | blockmatmul_stream_blockvec_0_stream_blockvec_0_blockmat_int_A_5   | ram_1p  | auto | 1       |
|    blockmatmul_stream_blockvec_0_stream_blockvec_0_blockmat_int_A_6_U   | 1    | -    |        | blockmatmul_stream_blockvec_0_stream_blockvec_0_blockmat_int_A_6   | ram_1p  | auto | 1       |
|    blockmatmul_stream_blockvec_0_stream_blockvec_0_blockmat_int_A_7_U   | 1    | -    |        | blockmatmul_stream_blockvec_0_stream_blockvec_0_blockmat_int_A_7   | ram_1p  | auto | 1       |
|    blockmatmul_stream_blockvec_0_stream_blockvec_0_blockmat_int_A_8_U   | 1    | -    |        | blockmatmul_stream_blockvec_0_stream_blockvec_0_blockmat_int_A_8   | ram_1p  | auto | 1       |
|    blockmatmul_stream_blockvec_0_stream_blockvec_0_blockmat_int_A_9_U   | 1    | -    |        | blockmatmul_stream_blockvec_0_stream_blockvec_0_blockmat_int_A_9   | ram_1p  | auto | 1       |
|    p_ZZ11blockmatmulRN3hls6streamI8blockvecLi0EEES3_R8blockmatiE1A_10_U | 1    | -    |        | p_ZZ11blockmatmulRN3hls6streamI8blockvecLi0EEES3_R8blockmatiE1A_10 | ram_1p  | auto | 1       |
|    p_ZZ11blockmatmulRN3hls6streamI8blockvecLi0EEES3_R8blockmatiE1A_11_U | 1    | -    |        | p_ZZ11blockmatmulRN3hls6streamI8blockvecLi0EEES3_R8blockmatiE1A_11 | ram_1p  | auto | 1       |
|    p_ZZ11blockmatmulRN3hls6streamI8blockvecLi0EEES3_R8blockmatiE1A_12_U | 1    | -    |        | p_ZZ11blockmatmulRN3hls6streamI8blockvecLi0EEES3_R8blockmatiE1A_12 | ram_1p  | auto | 1       |
|    p_ZZ11blockmatmulRN3hls6streamI8blockvecLi0EEES3_R8blockmatiE1A_13_U | 1    | -    |        | p_ZZ11blockmatmulRN3hls6streamI8blockvecLi0EEES3_R8blockmatiE1A_13 | ram_1p  | auto | 1       |
|    p_ZZ11blockmatmulRN3hls6streamI8blockvecLi0EEES3_R8blockmatiE1A_14_U | 1    | -    |        | p_ZZ11blockmatmulRN3hls6streamI8blockvecLi0EEES3_R8blockmatiE1A_14 | ram_1p  | auto | 1       |
|    p_ZZ11blockmatmulRN3hls6streamI8blockvecLi0EEES3_R8blockmatiE1A_15_U | 1    | -    |        | p_ZZ11blockmatmulRN3hls6streamI8blockvecLi0EEES3_R8blockmatiE1A_15 | ram_1p  | auto | 1       |
+-------------------------------------------------------------------------+------+------+--------+--------------------------------------------------------------------+---------+------+---------+


================================================================
== Pragma Report
================================================================
* Pragmas with Warnings
+----------+---------+------------------------------------------------+------------------------------------------------------------------------------------------------------------------------------------------------------------------------------------+
| Type     | Options | Location                                       | Messages                                                                                                                                                                           |
+----------+---------+------------------------------------------------+------------------------------------------------------------------------------------------------------------------------------------------------------------------------------------+
| dataflow |         | LabB/solution5/directives.tcl:7 in blockmatmul | Since the only kind of statements allowed in a canonical dataflow region are variable declarations and function calls, the compiler may not be able to correctly handle the region |
|          |         |                                                | There are a total of 4 such instances of non-canonical statements in the dataflow region                                                                                           |
+----------+---------+------------------------------------------------+------------------------------------------------------------------------------------------------------------------------------------------------------------------------------------+

* Valid Pragma Syntax
+---------------+----------------------------+----------------------------------------------------+
| Type          | Options                    | Location                                           |
+---------------+----------------------------+----------------------------------------------------+
| array_reshape | variable=AB complete dim=2 | LabB/solution5/directives.tcl:8 in blockmatmul, AB |
| pipeline      | II=1                       | LabB/solution5/directives.tcl:9 in blockmatmul     |
+---------------+----------------------------+----------------------------------------------------+


